2026-08-05 00:14:45.337: [INFO] CurrentProfilePath: C:\10_AI-workspace\.metadata\.plugins\org.eclipse.swt\EBWebView\Default
2026-08-05 00:14:45.337: [INFO] Profiles total count: 1
2026-08-05 00:14:45.337: [INFO] Profile: name=프로필 1 path=C:\10_AI-workspace\.metadata\.plugins\org.eclipse.swt\EBWebView\Default lastActive=2026-08-05T00:08:28.506Z
2026-08-05 00:14:45.337: [INFO] LastUsedProfileDir: C:\10_AI-workspace\.metadata\.plugins\org.eclipse.swt\EBWebView\Default
2026-08-05 00:14:45.337: [INFO] MostRecentlyActiveProfile: name=프로필 1 path=C:\10_AI-workspace\.metadata\.plugins\org.eclipse.swt\EBWebView\Default lastActive=2026-08-05T00:08:28.506Z
2026-08-05 00:14:45.337: [INFO] OnDoneLoading sync enabled: 0
2026-08-05 00:14:45.337: [INFO] BookmarkModelLoaded, ids_reassigned: 0
2026-08-05 00:14:45.337: [INFO] BookmarksLoadDropped droppedNodes=0
2026-08-05 00:14:45.337: [INFO] BookmarksSnapshot Startup total=0 bar=0 other=0 mobile=0 showBar=0 showBarNTP=1
2026-08-05 05:42:37.556: [INFO] BookmarksSnapshot Shutdown total=0 bar=0 other=0 mobile=0 showBar=0 showBarNTP=1
2026-08-10 00:12:23.376: [INFO] CurrentProfilePath: C:\Users\user1\Documents\github\10_AI-workspace\.metadata\.plugins\org.eclipse.swt\EBWebView\Default
2026-08-10 00:12:23.376: [INFO] Profiles total count: 1
2026-08-10 00:12:23.380: [INFO] Profile: name=프로필 1 path=C:\Users\user1\Documents\github\10_AI-workspace\.metadata\.plugins\org.eclipse.swt\EBWebView\Default lastActive=2026-08-05T00:08:28.506Z
2026-08-10 00:12:23.380: [INFO] LastUsedProfileDir: C:\Users\user1\Documents\github\10_AI-workspace\.metadata\.plugins\org.eclipse.swt\EBWebView\Default
2026-08-10 00:12:23.380: [INFO] MostRecentlyActiveProfile: name=프로필 1 path=C:\Users\user1\Documents\github\10_AI-workspace\.metadata\.plugins\org.eclipse.swt\EBWebView\Default lastActive=2026-08-05T00:08:28.506Z
2026-08-10 00:12:23.380: [INFO] OnDoneLoading sync enabled: 0
2026-08-10 00:12:23.380: [INFO] BookmarkModelLoaded, ids_reassigned: 0
2026-08-10 00:12:23.380: [INFO] BookmarksLoadDropped droppedNodes=0
2026-08-10 00:12:23.380: [INFO] BookmarksSnapshot Startup total=0 bar=0 other=0 mobile=0 showBar=0 showBarNTP=1
2026-08-10 00:12:23.517: [INFO] BookmarksSnapshot Shutdown total=0 bar=0 other=0 mobile=0 showBar=0 showBarNTP=1
